user_entity:
  - id: 100
    about: "информация о первом пользователе"
    city: "Москва"
    email: "admin100@admin.ru"
    full_name: "ПЕТРОВ ПЕТР ПЕТРОВИЧ"
    image_link: "test.ru"
    is_deleted: "false"
    is_enabled: "true"
    last_redaction_date: "2021-11-24 00:00:00"
    link_github: "test.ru"
    link_site: "test.ru"
    link_vk: "test.ru"
    nickname: "admin"
    password: "admin"
    persist_date: "2021-11-24 00:00:00"
    role_id: 100

role:
  - id: 100
    name: "ADMIN"

tag:
  - id: "regex:^(\\d+)"
    description: null
    name: "tagName0"
    persist_date: "regex:^\\d{4}-\\d{2}-\\d{2} \\d{2}:\\d{2}:\\d{2}.\\d{1,6}"
  - id: "regex:^(\\d+)"
    description: null
    name: "tagName1"
    persist_date: "regex:^\\d{4}-\\d{2}-\\d{2} \\d{2}:\\d{2}:\\d{2}.\\d{1,6}"
  - id: "regex:^(\\d+)"
    description: null
    name: "tagName2"
    persist_date: "regex:^\\d{4}-\\d{2}-\\d{2} \\d{2}:\\d{2}:\\d{2}.\\d{1,6}"
  - id: 100
    description: "my sql database architecture"
    name: "db_architecture"
    persist_date: "2021-11-30 00:29:29.586848"
  - id: 101
    description: "Room Android best practises"
    name: "Room"
    persist_date: "2021-11-30 00:29:29.586848"


question:
  - id: "regex:^(\\d+)"
    description: "question description"
    title: "question title"
    is_deleted: false
    last_redaction_date: "regex:^\\d{4}-\\d{2}-\\d{2} \\d{2}:\\d{2}:\\d{2}.\\d{1,6}"
    persist_date: "regex:^\\d{4}-\\d{2}-\\d{2} \\d{2}:\\d{2}:\\d{2}.\\d{1,6}"
    user_id: 100
  - id: 100
    description: "fix lazyInitialization Exception"
    is_deleted: false
    last_redaction_date: "regex:^\\d{4}-\\d{2}-\\d{2} \\d{2}:\\d{2}:\\d{2}.\\d{1,6}"
    persist_date: "regex:^\\d{4}-\\d{2}-\\d{2} \\d{2}:\\d{2}:\\d{2}.\\d{1,6}"
    title: "lazyEx"
    user_id: 100


question_has_tag:
  - question_id: 100
    tag_id: 100
  - question_id: 100
    tag_id: 101
  - question_id: "regex:^\\d+"
    tag_id: "regex:^\\d+"
  - question_id: "regex:^\\d+"
    tag_id: "regex:^\\d+"
  - question_id: "regex:^\\d+"
    tag_id: "regex:^\\d+"



