user_entity:
  - id: "regex:^(\\d+)"
    email: "user101@user.ru"
    is_enabled: "true"
    last_redaction_date: "regex:^\\d{4}-\\d{2}-\\d{2} \\d{2}:\\d{2}:\\d{2}.\\d{1,6}"
    password: "regex:^\\$.{59}$"
    persist_date: "regex:^\\d{4}-\\d{2}-\\d{2} \\d{2}:\\d{2}:\\d{2}.\\d{1,6}"
    role_id: 100
#$2a$12$jMgYIHuyDFg0dj8kew2ijujoiFhvpMg24VZB9Y3en69Opuul1nOYS
  - id: 100
    email: "user100@user.ru"
    is_enabled: "true"
    last_redaction_date: "2021-11-24 00:00:00"
    password: "$2a$04$OGxezO.zrMJRrGW8Xwj22u8u2PfKeJcVVlFP2M.qiBDsaSD474qYq"
    persist_date: "2021-11-24 00:00:00"
    role_id: 100